// Jest Snapshot v1, https://goo.gl/fbAQLP

exports[`should render ExpenseListItems correctly 1`] = `
<div>
  <Link
    replace={false}
    to="/edit/undefined"
  />
  <p>
     - 
  </p>
</div>
`;
