// Jest Snapshot v1, https://goo.gl/fbAQLP

exports[` should render login page 1`] = `
<div
  className="login-page"
>
  <button>
    Login
  </button>
</div>
`;
